
This is a test log.
Hahah

gogogo 
first line
second line
third line
fourth line
fifth line
sixth line
